// Jest Snapshot v1, https://goo.gl/fbAQLP

exports[`twitter-bot Tweets about good beers 1`] = `
Object {
  "post": Object {
    "status": "9 people checked in Perennial Artisan Ales's Abraxas @asisnyc: http://www.thebeerfeed.com/map?feed=username&venue=3803461 #beer #untappd",
  },
  "query": "
					INSERT INTO top_beers(bid, venue_id, count, rating, date) 
					VALUES (77322, 3803461, 9, 4.44918012619019, 'fake-time');
				",
}
`;
