// Jest Snapshot v1, https://goo.gl/fbAQLP

exports[`<About/> mounts 1`] = `
<div
  className="container"
>
  <Row
    bsClass="row"
    componentClass="div"
  >
    <Jumbotron
      bsClass="jumbotron"
      componentClass="div"
    >
      <h1>
        Find better beer.
      </h1>
      <p>
        Get a realtime feed of 
        <i>
          only
        </i>
         the good beers that get checked in to Untappd
      </p>
      <Button
        active={false}
        block={false}
        bsClass="btn"
        bsStyle="default"
        className="btn btn-primary"
        disabled={false}
        onClick={[Function]}
      >
        Help Improve Beer Feed
      </Button>
    </Jumbotron>
  </Row>
  <QA />
  <br />
  <br />
</div>
`;
