// Jest Snapshot v1, https://goo.gl/fbAQLP

exports[`<FeedRow/> Mounts 1`] = `
<div
  className="media"
>
  <div
    className="media-left media-middle"
  >
    <img
      className="media-photo"
      height="100"
      onError={[Function]}
      src="https://untappd.akamaized.net/site/beer_logos/beer-1374487_e2108_sm.jpeg"
      style={
        Object {
          "marginTop": "12px",
        }
      }
      width="100"
    />
  </div>
  <div
    className="media-body"
  >
    <span
      className="media-meta pull-right"
    >
      fake time
    </span>
    <h4
      className="title"
    >
      Brewery: 
      Jack's Abby
    </h4>
    <h4>
      Beer: 
      <a
        href="https://untappd.com/b/jack-s-abby-barrel-aged-framinghammer-mole/1374487"
        target="_blank"
      >
        Barrel-Aged Framinghammer Mole
      </a>
    </h4>
    <h4>
      Score: 
      4.23383
    </h4>
    <h4>
      Found at: 
      <SafeAnchor
        componentClass="a"
        id="goto-map"
        onClick={[Function]}
      >
        Beer Noggin
      </SafeAnchor>
    </h4>
    <h4>
      Number of checkins: 
      1
    </h4>
    <h4>
      Style: 
      Stout - American Imperial / Double
    </h4>
  </div>
</div>
`;
