// Jest Snapshot v1, https://goo.gl/fbAQLP

exports[`<FeedRow/> Mounts 1`] = `
<div
  className="media"
>
  <div
    className="media-left media-middle"
  >
    <img
      alt=""
      className="media-photo"
      height="100"
      onError={[Function]}
      src="https://untappd.akamaized.net/site/beer_logos/beer-1501561_e5172_sm.jpeg"
      style={
        Object {
          "marginTop": "12px",
        }
      }
      width="100"
    />
  </div>
  <div
    className="media-body"
  >
    <span
      className="media-meta pull-right"
    >
      fake time
    </span>
    <h4
      className="title"
    >
      Brewery: 
      Half Acre Beer Company
    </h4>
    <h4>
      Beer: 
      <a
        href="https://untappd.com/b/half-acre-beer-company-deep-space/1501561"
        target="_blank"
      >
        Deep Space
      </a>
    </h4>
    <h4>
      Score: 
      4.17661
    </h4>
    <h4>
      Found at: 
      <SafeAnchor
        componentClass="a"
        id="goto-map"
        onClick={[Function]}
      >
        Maple St
      </SafeAnchor>
    </h4>
    <h4>
      Number of checkins: 
      1
    </h4>
    <h4>
      Style: 
      IPA - Imperial / Double
    </h4>
  </div>
</div>
`;
