// Jest Snapshot v1, https://goo.gl/fbAQLP

exports[`<Footer/> mounts 1`] = `
<footer
  class="site-footer"
>
  <div
    class="container"
  >
    <Row
      bsClass="row"
      componentClass="div"
      md={8}
    >
      <p
        class="text-muted"
      >
        Powered by Untappd
      </p>
    </Row>
  </div>
</footer>
`;
